=== Build Log - Fri May 22 13:23:27 UTC 2026 ===
Source: /home/runner/work/Documentazione/Documentazione/src
========================================
[OK] 13:23:30 - src/RTB/Lettera_di_presentazione/Lettera_di_presentazione.typ
[OK] 13:23:31 - src/RTB/DocumentazioneInterna/VerbaliInterni/2025-11-10_Verbale.typ
     -> Version: 1.0.0
[OK] 13:23:31 - src/RTB/DocumentazioneInterna/VerbaliInterni/2026-03-24_Verbale.typ
     -> Version: 1.0.0
[OK] 13:23:31 - src/RTB/DocumentazioneInterna/VerbaliInterni/2025-11-18_Verbale.typ
     -> Version: 1.0.0
[OK] 13:23:31 - src/RTB/DocumentazioneInterna/VerbaliInterni/2026-01-05_Verbale.typ
     -> Version: 1.0.0
[OK] 13:23:31 - src/RTB/DocumentazioneInterna/VerbaliInterni/2026-01-13_Verbale.typ
     -> Version: 1.0.0
[OK] 13:23:32 - src/RTB/DocumentazioneInterna/VerbaliInterni/2025-12-23_Verbale.typ
     -> Version: 1.0.0
[OK] 13:23:32 - src/RTB/DocumentazioneInterna/VerbaliInterni/2026-03-10_Verbale.typ
     -> Version: 1.0.0
[OK] 13:23:32 - src/RTB/DocumentazioneInterna/VerbaliInterni/2026-02-24_Verbale.typ
     -> Version: 1.0.0
[OK] 13:23:32 - src/RTB/DocumentazioneInterna/VerbaliInterni/2026-03-02_Verbale.typ
     -> Version: 1.0.0
[OK] 13:23:32 - src/RTB/DocumentazioneInterna/VerbaliInterni/2025-12-02_Verbale.typ
     -> Version: 1.0.0
[OK] 13:23:33 - src/RTB/DocumentazioneInterna/VerbaliInterni/2025-11-25_Verbale.typ
     -> Version: 1.0.0
[OK] 13:23:33 - src/RTB/DocumentazioneInterna/VerbaliInterni/2026-02-09_Verbale.typ
     -> Version: 1.0.0
[OK] 13:23:33 - src/RTB/DocumentazioneInterna/VerbaliInterni/2026-03-30_Verbale.typ
     -> Version: 1.0.0
[OK] 13:23:33 - src/RTB/DocumentazioneInterna/VerbaliInterni/2025-12-15_Verbale.typ
     -> Version: 1.0.0
[OK] 13:23:34 - src/RTB/DocumentazioneInterna/VerbaliInterni/2025-12-09_Verbale.typ
     -> Version: 1.0.0
[OK] 13:23:34 - src/RTB/DocumentazioneInterna/Glossario.typ
[OK] 13:23:34 - src/RTB/DocumentazioneInterna/dizionario.typ
[OK] 13:23:37 - src/RTB/DocumentazioneInterna/Norme_progetto/Norme_progetto.typ
     -> Version: 1.0.0
[OK] 13:23:46 - src/RTB/DocumentazioneEsterna/Piano_di_qualifica/Piano_di_qualifica.typ
     -> Version: 1.0.0
[OK] 13:23:46 - src/RTB/DocumentazioneEsterna/Piano_di_qualifica/report_metriche/Indice_gulpease/valutazioni_documenti.typ
[OK] 13:24:41 - src/RTB/DocumentazioneEsterna/Analisi_dei_Requisiti/Analisi_dei_requisiti.typ
     -> Version: 1.1.0
[OK] 13:24:41 - src/RTB/DocumentazioneEsterna/Analisi_dei_Requisiti/domande/domande_bluewind.typ
[OK] 13:24:41 - src/RTB/DocumentazioneEsterna/Analisi_dei_Requisiti/domande/2026-03-18_domande_cardin.typ
[OK] 13:24:41 - src/RTB/DocumentazioneEsterna/VerbaliEsterni/2025-12-16_Verbale.typ
     -> Version: 1.0.0
[OK] 13:24:42 - src/RTB/DocumentazioneEsterna/VerbaliEsterni/2026-04-07_Verbale.typ
     -> Version: 0.1.0
[OK] 13:24:42 - src/RTB/DocumentazioneEsterna/VerbaliEsterni/2025-11-18_Verbale.typ
     -> Version: 1.0.0
[OK] 13:24:42 - src/RTB/DocumentazioneEsterna/VerbaliEsterni/2026-01-13_Verbale.typ
     -> Version: 1.0.0
[OK] 13:24:42 - src/RTB/DocumentazioneEsterna/VerbaliEsterni/2026-03-17_Verbale.typ
     -> Version: 1.0.0
[OK] 13:24:42 - src/RTB/DocumentazioneEsterna/VerbaliEsterni/2025-12-02_Verbale.typ
     -> Version: 1.0.0
[OK] 13:24:44 - src/RTB/DocumentazioneEsterna/Piano_di_Progetto/Piano_di_progetto.typ
     -> Version: 1.0.0
[OK] 13:24:44 - src/DiariDiBordo/2026-04-29_Diario_di_bordo.typ
[OK] 13:24:44 - src/DiariDiBordo/2025-10-27_Diario_di_bordo-v1.0.typ
[OK] 13:24:44 - src/DiariDiBordo/2026-05-06_Diario_di_bordo.typ
[OK] 13:24:44 - src/DiariDiBordo/2026-05-13_Diario_di_bordo.typ
[OK] 13:24:44 - src/DiariDiBordo/2025-11-10_Diario_di_bordo-v1.0.typ
[OK] 13:24:44 - src/DiariDiBordo/2025-11-17_Diario_di_bordo-v1.0.typ
[OK] 13:24:44 - src/DiariDiBordo/2025-12-01_Diario_di_bordo-v1.0.typ
[OK] 13:24:45 - src/DiariDiBordo/2025-11-24_Diario_di_bordo-v1.0.typ
[OK] 13:24:45 - src/DiariDiBordo/2026-01-26_Diario_di_bordo.typ
[OK] 13:24:45 - src/DiariDiBordo/2026-03-18_Diario_di_bordo.typ
[OK] 13:24:45 - src/DiariDiBordo/2026-04-01_Diario_di_bordo.typ
[OK] 13:24:45 - src/DiariDiBordo/2025-12-15_Diario_di_bordo-v1.0.typ
[OK] 13:24:45 - src/DiariDiBordo/2026-01-08_Diario_di_bordo.typ
[OK] 13:24:45 - src/DiariDiBordo/2026-04-23_Diario_di_bordo.typ
[OK] 13:24:45 - src/DiariDiBordo/2026-03-11_Diario_di_bordo.typ
[OK] 13:24:45 - src/DiariDiBordo/2026-03-25_Diario_di_bordo.typ
[OK] 13:24:46 - src/DiariDiBordo/2026-04-15_Diario_di_bordo.typ
[OK] 13:24:46 - src/DiariDiBordo/2026-03-04_Diario_di_bordo.typ
[OK] 13:24:46 - src/DiariDiBordo/2026-04-09_Diario_di_bordo.typ
[OK] 13:24:46 - src/Candidatura/Lettera_Presentazione-v2.0.0.typ
[OK] 13:24:47 - src/Candidatura/Dichiarazione_Impegni-v2.0.0.typ
[OK] 13:24:47 - src/Candidatura/DocumentazioneInterna/2025-11-04_Verbale-v1.0.0.typ
[OK] 13:24:47 - src/Candidatura/DocumentazioneInterna/2025-10-18_Verbale-v1.0.0.typ
[OK] 13:24:47 - src/Candidatura/DocumentazioneInterna/2025-10-23_Verbale-v1.0.0.typ
[OK] 13:24:47 - src/Candidatura/DocumentazioneInterna/2025-10-28_Verbale-v1.0.0.typ
[OK] 13:24:48 - src/Candidatura/Valutazione_Capitolati-v2.0.0.typ
[OK] 13:24:48 - src/Candidatura/DocumentazioneEsterna/2025-10-30_Verbale_incontro_Eggon-v0.1.0.typ
[OK] 13:24:48 - src/Candidatura/DocumentazioneEsterna/2025-10-23_Verbale_incontro_Bluewind-v1.0.0.typ
[OK] 13:24:48 - src/Candidatura/DocumentazioneEsterna/2025-10-23_Verbale_incontro_M31-v1.0.0.typ
[OK] 13:24:49 - src/Candidatura/DocumentazioneEsterna/2025-10-20_Verbale_incontro_Ergon-v1.0.0.typ
[OK] 13:24:49 - src/PB/Lettera_di_presentazione/Lettera_di_presentazione.typ
[OK] 13:24:49 - src/PB/DocumentazioneInterna/VerbaliInterni/2026-05-04_Verbale.typ
     -> Version: 1.0.0
[OK] 13:24:49 - src/PB/DocumentazioneInterna/VerbaliInterni/2026-04-07_Verbale.typ
     -> Version: 1.0.0
[OK] 13:24:49 - src/PB/DocumentazioneInterna/VerbaliInterni/2026-05-18_Verbale.typ
     -> Version: 1.0.0
[OK] 13:24:49 - src/PB/DocumentazioneInterna/VerbaliInterni/2026-04-27_Verbale.typ
     -> Version: 1.0.0
[OK] 13:24:50 - src/PB/DocumentazioneInterna/VerbaliInterni/2026-04-20_Verbale.typ
     -> Version: 1.0.0
[OK] 13:24:50 - src/PB/DocumentazioneInterna/VerbaliInterni/2026-04-17_Verbale.typ
     -> Version: 1.0.0
[OK] 13:24:50 - src/PB/DocumentazioneInterna/VerbaliInterni/2026-04-13_Verbale.typ
     -> Version: 1.0.0
[OK] 13:24:50 - src/PB/DocumentazioneInterna/VerbaliInterni/2026-05-11_Verbale.typ
     -> Version: 1.0.0
[OK] 13:24:50 - src/PB/DocumentazioneInterna/VerbaliInterni/2026-04-09_Verbale.typ
     -> Version: 1.0.0
[OK] 13:24:51 - src/PB/DocumentazioneInterna/Glossario.typ
     -> Version: 2.0.0
[OK] 13:24:51 - src/PB/DocumentazioneInterna/dizionario.typ
[OK] 13:24:53 - src/PB/DocumentazioneInterna/Norme_progetto/Norme_progetto.typ
     -> Version: 2.0.0
[OK] 13:25:01 - src/PB/DocumentazioneEsterna/Piano_di_qualifica/Piano_di_qualifica.typ
     -> Version: 1.0.0
[OK] 13:25:01 - src/PB/DocumentazioneEsterna/Piano_di_qualifica/report_metriche/Indice_gulpease/valutazioni_documenti.typ
[OK] 13:25:01 - src/PB/DocumentazioneEsterna/Specifica_Tecnica/Domande_cardin/1_domande.typ
[OK] 13:25:02 - src/PB/DocumentazioneEsterna/Specifica_Tecnica/Domande_cardin/2_domande.typ
[OK] 13:25:06 - src/PB/DocumentazioneEsterna/Specifica_Tecnica/Specifica_Tecnica.typ
     -> Version: 1.0.0
[OK] 13:26:00 - src/PB/DocumentazioneEsterna/Analisi_dei_Requisiti/Analisi_dei_requisiti.typ
     -> Version: 2.0.0
[OK] 13:26:01 - src/PB/DocumentazioneEsterna/Analisi_dei_Requisiti/domande/domande_bluewind.typ
[OK] 13:26:01 - src/PB/DocumentazioneEsterna/Analisi_dei_Requisiti/domande/2026-03-18_domande_cardin.typ
[OK] 13:26:01 - src/PB/DocumentazioneEsterna/Manuale_Utente/Manuale_Utente.typ
     -> Version: 1.0.0
[OK] 13:26:02 - src/PB/DocumentazioneEsterna/VerbaliEsterni/2026-05-12_Verbale.typ
     -> Version: 1.0.0
[OK] 13:26:02 - src/PB/DocumentazioneEsterna/VerbaliEsterni/2026-05-05_Verbale.typ
     -> Version: 1.0.0
[OK] 13:26:02 - src/PB/DocumentazioneEsterna/VerbaliEsterni/2026-05-18_Verbale.typ
     -> Version: 1.0.0
[OK] 13:26:02 - src/PB/DocumentazioneEsterna/VerbaliEsterni/2026-04-29_Verbale.typ
     -> Version: 1.0.0
[OK] 13:26:03 - src/PB/DocumentazioneEsterna/Piano_di_Progetto/Piano_di_progetto.typ
     -> Version: 1.1.0
Build SUCCESS at Fri May 22 13:26:03 UTC 2026
